// Jest Snapshot v1, https://goo.gl/fbAQLP

exports[`lambda Request middleware pass payload to lambda client 1`] = `
Object {
  "context": Object {
    "auth": Object {
      "accessToken": "test-access-token",
      "idToken": "test-id-token",
    },
    "authAccess": Object {
      "accessToken": "test-access-token",
      "idToken": "test-id-token",
    },
    "bearerBaseURL": "base",
    "buid": "patrick-prefer-sand",
    "functionName": "fead-patrick",
    "internalCorrelationId": "test-intcorr-id",
    "isBackend": false,
    "metadata": Object {
      "authId": "test-auth-id",
      "bearerOverhead": 12.34,
      "detailedLogs": true,
      "filterKeys": Array [
        "authorization",
        "apikey",
        "api_key",
        "code",
        "password",
        "secret",
        "token",
      ],
      "setupId": "test-setup-id",
    },
    "organizationIdentifier": "6d6f48e0350e4f0cb58130a1e875bfa9a30e2ccb3075b0657b",
    "some": "data",
    "userCorrelationId": "test-corr-id",
  },
  "queryStringParameters": Object {
    "authId": "test-auth-id",
    "functionName": "fead-patrick",
    "setupId": "test-setup-id",
  },
}
`;
