// Jest Snapshot v1, https://goo.gl/fbAQLP

exports[`fetchAuthDetails returns the API key from the setup details 1`] = `
[MockFunction] {
  "calls": Array [
    Array [
      Object {
        "buid": "test-buid",
        "clientId": "test-env-id",
        "scopedUserDataTableName": "test-scoped-data-table",
        "setupId": "test-setup-id",
      },
    ],
  ],
  "results": Array [
    Object {
      "isThrow": false,
      "value": Promise {},
    },
  ],
}
`;
